Component: ARM Compiler 5.06 update 6 (build 750) Tool: armlink [4d35ed]

==============================================================================

Section Cross References

    main.o(i.GPIO_ButtonInit) refers to stm32f407xx_gpio_driver.o(i.GPIO_Init) for GPIO_Init
    main.o(i.I2C1_GPIOInits) refers to stm32f407xx_gpio_driver.o(i.GPIO_Init) for GPIO_Init
    main.o(i.I2C1_Inits) refers to stm32f407xx_i2c_driver.o(i.I2C_Init) for I2C_Init
    main.o(i.I2C1_Inits) refers to main.o(.bss) for I2C1Handle
    main.o(i.main) refers to main.o(i.GPIO_ButtonInit) for GPIO_ButtonInit
    main.o(i.main) refers to main.o(i.I2C1_GPIOInits) for I2C1_GPIOInits
    main.o(i.main) refers to main.o(i.I2C1_Inits) for I2C1_Inits
    main.o(i.main) refers to stm32f407xx_i2c_driver.o(i.I2C_PeripheralControl) for I2C_PeripheralControl
    main.o(i.main) refers to stm32f407xx_i2c_driver.o(i.I2C_ManageAcking) for I2C_ManageAcking
    main.o(i.main) refers to stm32f407xx_gpio_driver.o(i.GPIO_ReadFromInputPin) for GPIO_ReadFromInputPin
    main.o(i.main) refers to main.o(i.delay) for delay
    main.o(i.main) refers to strlen.o(.text) for strlen
    main.o(i.main) refers to stm32f407xx_i2c_driver.o(i.I2C_MasterSendData) for I2C_MasterSendData
    main.o(i.main) refers to main.o(.data) for some_data
    main.o(i.main) refers to main.o(.bss) for I2C1Handle
    stm32f407xx_gpio_driver.o(i.GPIO_Init) refers to stm32f407xx_gpio_driver.o(i.GPIO_PeriClockControl) for GPIO_PeriClockControl
    stm32f407xx_i2c_driver.o(i.I2C_ClearADDRFlag) refers to stm32f407xx_i2c_driver.o(i.I2C_ManageAcking) for I2C_ManageAcking
    stm32f407xx_i2c_driver.o(i.I2C_CloseReceiveData) refers to stm32f407xx_i2c_driver.o(i.I2C_ManageAcking) for I2C_ManageAcking
    stm32f407xx_i2c_driver.o(i.I2C_ER_IRQHandling) refers to stm32f407xx_i2c_driver.o(i.I2C_ApplicationEventCallback) for I2C_ApplicationEventCallback
    stm32f407xx_i2c_driver.o(i.I2C_EV_IRQHandling) refers to stm32f407xx_i2c_driver.o(i.I2C_ExecuteAddressPhaseWrite) for I2C_ExecuteAddressPhaseWrite
    stm32f407xx_i2c_driver.o(i.I2C_EV_IRQHandling) refers to stm32f407xx_i2c_driver.o(i.I2C_ExecuteAddressPhaseRead) for I2C_ExecuteAddressPhaseRead
    stm32f407xx_i2c_driver.o(i.I2C_EV_IRQHandling) refers to stm32f407xx_i2c_driver.o(i.I2C_ClearADDRFlag) for I2C_ClearADDRFlag
    stm32f407xx_i2c_driver.o(i.I2C_EV_IRQHandling) refers to stm32f407xx_i2c_driver.o(i.I2C_GenerateStopCondition) for I2C_GenerateStopCondition
    stm32f407xx_i2c_driver.o(i.I2C_EV_IRQHandling) refers to stm32f407xx_i2c_driver.o(i.I2C_CloseSendData) for I2C_CloseSendData
    stm32f407xx_i2c_driver.o(i.I2C_EV_IRQHandling) refers to stm32f407xx_i2c_driver.o(i.I2C_ApplicationEventCallback) for I2C_ApplicationEventCallback
    stm32f407xx_i2c_driver.o(i.I2C_EV_IRQHandling) refers to stm32f407xx_i2c_driver.o(i.I2C_MasterHandleTXEInterrupt) for I2C_MasterHandleTXEInterrupt
    stm32f407xx_i2c_driver.o(i.I2C_EV_IRQHandling) refers to stm32f407xx_i2c_driver.o(i.I2C_MasterHandleRXNEInterrupt) for I2C_MasterHandleRXNEInterrupt
    stm32f407xx_i2c_driver.o(i.I2C_Init) refers to stm32f407xx_i2c_driver.o(i.I2C_PeriClockControl) for I2C_PeriClockControl
    stm32f407xx_i2c_driver.o(i.I2C_Init) refers to stm32f407xx_rcc_driver.o(i.RCC_GetAPB1Value) for RCC_GetAPB1Value
    stm32f407xx_i2c_driver.o(i.I2C_MasterHandleRXNEInterrupt) refers to stm32f407xx_i2c_driver.o(i.I2C_ManageAcking) for I2C_ManageAcking
    stm32f407xx_i2c_driver.o(i.I2C_MasterHandleRXNEInterrupt) refers to stm32f407xx_i2c_driver.o(i.I2C_GenerateStopCondition) for I2C_GenerateStopCondition
    stm32f407xx_i2c_driver.o(i.I2C_MasterHandleRXNEInterrupt) refers to stm32f407xx_i2c_driver.o(i.I2C_CloseReceiveData) for I2C_CloseReceiveData
    stm32f407xx_i2c_driver.o(i.I2C_MasterHandleRXNEInterrupt) refers to stm32f407xx_i2c_driver.o(i.I2C_ApplicationEventCallback) for I2C_ApplicationEventCallback
    stm32f407xx_i2c_driver.o(i.I2C_MasterReceiveData) refers to stm32f407xx_i2c_driver.o(i.I2C_GenerateStartCondition) for I2C_GenerateStartCondition
    stm32f407xx_i2c_driver.o(i.I2C_MasterReceiveData) refers to stm32f407xx_i2c_driver.o(i.I2C_GetFlagStatus) for I2C_GetFlagStatus
    stm32f407xx_i2c_driver.o(i.I2C_MasterReceiveData) refers to stm32f407xx_i2c_driver.o(i.I2C_ExecuteAddressPhaseRead) for I2C_ExecuteAddressPhaseRead
    stm32f407xx_i2c_driver.o(i.I2C_MasterReceiveData) refers to stm32f407xx_i2c_driver.o(i.I2C_ManageAcking) for I2C_ManageAcking
    stm32f407xx_i2c_driver.o(i.I2C_MasterReceiveData) refers to stm32f407xx_i2c_driver.o(i.I2C_ClearADDRFlag) for I2C_ClearADDRFlag
    stm32f407xx_i2c_driver.o(i.I2C_MasterReceiveData) refers to stm32f407xx_i2c_driver.o(i.I2C_GenerateStopCondition) for I2C_GenerateStopCondition
    stm32f407xx_i2c_driver.o(i.I2C_MasterReceiveDataIT) refers to stm32f407xx_i2c_driver.o(i.I2C_GenerateStartCondition) for I2C_GenerateStartCondition
    stm32f407xx_i2c_driver.o(i.I2C_MasterSendData) refers to stm32f407xx_i2c_driver.o(i.I2C_GenerateStartCondition) for I2C_GenerateStartCondition
    stm32f407xx_i2c_driver.o(i.I2C_MasterSendData) refers to stm32f407xx_i2c_driver.o(i.I2C_GetFlagStatus) for I2C_GetFlagStatus
    stm32f407xx_i2c_driver.o(i.I2C_MasterSendData) refers to stm32f407xx_i2c_driver.o(i.I2C_ExecuteAddressPhaseWrite) for I2C_ExecuteAddressPhaseWrite
    stm32f407xx_i2c_driver.o(i.I2C_MasterSendData) refers to stm32f407xx_i2c_driver.o(i.I2C_ClearADDRFlag) for I2C_ClearADDRFlag
    stm32f407xx_i2c_driver.o(i.I2C_MasterSendData) refers to stm32f407xx_i2c_driver.o(i.I2C_GenerateStopCondition) for I2C_GenerateStopCondition
    stm32f407xx_i2c_driver.o(i.I2C_MasterSendDataIT) refers to stm32f407xx_i2c_driver.o(i.I2C_GenerateStartCondition) for I2C_GenerateStartCondition
    stm32f407xx_rcc_driver.o(i.RCC_GetAPB1Value) refers to stm32f407xx_rcc_driver.o(.data) for AHB_PreScaler
    stm32f407xx_rcc_driver.o(i.RCC_GetAPB2Value) refers to stm32f407xx_rcc_driver.o(.data) for AHB_PreScaler
    stm32f407xx_rcc_driver.o(i.RCC_SelectSystemClockSource) refers to stm32f407xx_rcc_driver.o(i.EnableHSE_crys) for EnableHSE_crys
    stm32f407xx_rcc_driver.o(i.RCC_SelectSystemClockSource) refers to stm32f407xx_rcc_driver.o(i.SelectHSE) for SelectHSE
    stm32f407xx_rcc_driver.o(i.RCC_SelectSystemClockSource) refers to stm32f407xx_rcc_driver.o(i.DisableHSI) for DisableHSI
    stm32f407xx_rcc_driver.o(i.RCC_SelectSystemClockSource) refers to stm32f407xx_rcc_driver.o(i.EnableHSE_rc) for EnableHSE_rc
    stm32f407xx_rcc_driver.o(i.RCC_SelectSystemClockSource) refers to stm32f407xx_rcc_driver.o(i.EnableHSI) for EnableHSI
    stm32f407xx_rcc_driver.o(i.RCC_SelectSystemClockSource) refers to stm32f407xx_rcc_driver.o(i.SelectHSI) for SelectHSI
    stm32f407xx_rcc_driver.o(i.RCC_SelectSystemClockSource) refers to stm32f407xx_rcc_driver.o(i.DisableHSE) for DisableHSE
    stm32f407xx_usart_driver.o(i.USART_Init) refers to stm32f407xx_usart_driver.o(i.USART_PeriClockControl) for USART_PeriClockControl
    stm32f407xx_usart_driver.o(i.USART_Init) refers to stm32f407xx_usart_driver.o(i.USART_SetBaudRate) for USART_SetBaudRate
    stm32f407xx_usart_driver.o(i.USART_ReceiveData) refers to stm32f407xx_usart_driver.o(i.USART_GetFlagStatus) for USART_GetFlagStatus
    stm32f407xx_usart_driver.o(i.USART_SendData) refers to stm32f407xx_usart_driver.o(i.USART_GetFlagStatus) for USART_GetFlagStatus
    stm32f407xx_usart_driver.o(i.USART_SetBaudRate) refers to stm32f407xx_rcc_driver.o(i.RCC_GetAPB1Value) for RCC_GetAPB1Value
    startup_stm32f407xx.o(STACK) refers (Special) to heapauxi.o(.text) for __use_two_region_memory
    startup_stm32f407xx.o(HEAP) refers (Special) to heapauxi.o(.text) for __use_two_region_memory
    startup_stm32f407xx.o(RESET) refers (Special) to heapauxi.o(.text) for __use_two_region_memory
    startup_stm32f407xx.o(RESET) refers to startup_stm32f407xx.o(STACK) for __initial_sp
    startup_stm32f407xx.o(RESET) refers to startup_stm32f407xx.o(.text) for Reset_Handler
    startup_stm32f407xx.o(.text) refers (Special) to heapauxi.o(.text) for __use_two_region_memory
    startup_stm32f407xx.o(.text) refers to system_stm32f4xx.o(i.SystemInit) for SystemInit
    startup_stm32f407xx.o(.text) refers to __main.o(!!!main) for __main
    startup_stm32f407xx.o(.text) refers to startup_stm32f407xx.o(HEAP) for Heap_Mem
    startup_stm32f407xx.o(.text) refers to startup_stm32f407xx.o(STACK) for Stack_Mem
    system_stm32f4xx.o(i.SystemCoreClockUpdate) refers to system_stm32f4xx.o(.data) for SystemCoreClock
    system_stm32f4xx.o(i.SystemCoreClockUpdate) refers to system_stm32f4xx.o(.constdata) for AHBPrescTable
    __main.o(!!!main) refers to __rtentry.o(.ARM.Collect$$rtentry$$00000000) for __rt_entry
    __rtentry.o(.ARM.Collect$$rtentry$$00000000) refers (Special) to __rtentry2.o(.ARM.Collect$$rtentry$$0000000A) for __rt_entry_li
    __rtentry.o(.ARM.Collect$$rtentry$$00000000) refers (Special) to __rtentry2.o(.ARM.Collect$$rtentry$$0000000D) for __rt_entry_main
    __rtentry.o(.ARM.Collect$$rtentry$$00000000) refers (Special) to __rtentry2.o(.ARM.Collect$$rtentry$$0000000C) for __rt_entry_postli_1
    __rtentry.o(.ARM.Collect$$rtentry$$00000000) refers (Special) to __rtentry2.o(.ARM.Collect$$rtentry$$00000009) for __rt_entry_postsh_1
    __rtentry.o(.ARM.Collect$$rtentry$$00000000) refers (Special) to __rtentry2.o(.ARM.Collect$$rtentry$$00000002) for __rt_entry_presh_1
    __rtentry.o(.ARM.Collect$$rtentry$$00000000) refers (Special) to __rtentry4.o(.ARM.Collect$$rtentry$$00000004) for __rt_entry_sh
    __rtentry2.o(.ARM.Collect$$rtentry$$00000008) refers to boardinit2.o(.text) for _platform_post_stackheap_init
    __rtentry2.o(.ARM.Collect$$rtentry$$0000000A) refers to libinit.o(.ARM.Collect$$libinit$$00000000) for __rt_lib_init
    __rtentry2.o(.ARM.Collect$$rtentry$$0000000B) refers to boardinit3.o(.text) for _platform_post_lib_init
    __rtentry2.o(.ARM.Collect$$rtentry$$0000000D) refers to main.o(i.main) for main
    __rtentry2.o(.ARM.Collect$$rtentry$$0000000D) refers to exit.o(.text) for exit
    __rtentry2.o(.ARM.exidx) refers to __rtentry2.o(.ARM.Collect$$rtentry$$00000001) for .ARM.Collect$$rtentry$$00000001
    __rtentry2.o(.ARM.exidx) refers to __rtentry2.o(.ARM.Collect$$rtentry$$00000008) for .ARM.Collect$$rtentry$$00000008
    __rtentry2.o(.ARM.exidx) refers to __rtentry2.o(.ARM.Collect$$rtentry$$0000000A) for .ARM.Collect$$rtentry$$0000000A
    __rtentry2.o(.ARM.exidx) refers to __rtentry2.o(.ARM.Collect$$rtentry$$0000000B) for .ARM.Collect$$rtentry$$0000000B
    __rtentry2.o(.ARM.exidx) refers to __rtentry2.o(.ARM.Collect$$rtentry$$0000000D) for .ARM.Collect$$rtentry$$0000000D
    __rtentry4.o(.ARM.Collect$$rtentry$$00000004) refers to sys_stackheap_outer.o(.text) for __user_setup_stackheap
    __rtentry4.o(.ARM.exidx) refers to __rtentry4.o(.ARM.Collect$$rtentry$$00000004) for .ARM.Collect$$rtentry$$00000004
    sys_stackheap_outer.o(.text) refers to libspace.o(.text) for __user_perproc_libspace
    sys_stackheap_outer.o(.text) refers to startup_stm32f407xx.o(.text) for __user_initial_stackheap
    exit.o(.text) refers to rtexit.o(.ARM.Collect$$rtexit$$00000000) for __rt_exit
    libinit.o(.ARM.Collect$$libinit$$00000000) refers (Special) to libinit2.o(.ARM.Collect$$libinit$$0000002E) for __rt_lib_init_alloca_1
    libinit.o(.ARM.Collect$$libinit$$00000000) refers (Special) to libinit2.o(.ARM.Collect$$libinit$$0000002C) for __rt_lib_init_argv_1
    libinit.o(.ARM.Collect$$libinit$$00000000) refers (Special) to libinit2.o(.ARM.Collect$$libinit$$0000001B) for __rt_lib_init_atexit_1
    libinit.o(.ARM.Collect$$libinit$$00000000) refers (Special) to libinit2.o(.ARM.Collect$$libinit$$00000021) for __rt_lib_init_clock_1
    libinit.o(.ARM.Collect$$libinit$$00000000) refers (Special) to libinit2.o(.ARM.Collect$$libinit$$00000032) for __rt_lib_init_cpp_1
    libinit.o(.ARM.Collect$$libinit$$00000000) refers (Special) to libinit2.o(.ARM.Collect$$libinit$$00000030) for __rt_lib_init_exceptions_1
    libinit.o(.ARM.Collect$$libinit$$00000000) refers (Special) to libinit2.o(.ARM.Collect$$libinit$$00000001) for __rt_lib_init_fp_1
    libinit.o(.ARM.Collect$$libinit$$00000000) refers (Special) to libinit2.o(.ARM.Collect$$libinit$$0000001F) for __rt_lib_init_fp_trap_1
    libinit.o(.ARM.Collect$$libinit$$00000000) refers (Special) to libinit2.o(.ARM.Collect$$libinit$$00000023) for __rt_lib_init_getenv_1
    libinit.o(.ARM.Collect$$libinit$$00000000) refers (Special) to libinit2.o(.ARM.Collect$$libinit$$0000000A) for __rt_lib_init_heap_1
    libinit.o(.ARM.Collect$$libinit$$00000000) refers (Special) to libinit2.o(.ARM.Collect$$libinit$$00000011) for __rt_lib_init_lc_collate_1
    libinit.o(.ARM.Collect$$libinit$$00000000) refers (Special) to libinit2.o(.ARM.Collect$$libinit$$00000013) for __rt_lib_init_lc_ctype_1
    libinit.o(.ARM.Collect$$libinit$$00000000) refers (Special) to libinit2.o(.ARM.Collect$$libinit$$00000015) for __rt_lib_init_lc_monetary_1
    libinit.o(.ARM.Collect$$libinit$$00000000) refers (Special) to libinit2.o(.ARM.Collect$$libinit$$00000017) for __rt_lib_init_lc_numeric_1
    libinit.o(.ARM.Collect$$libinit$$00000000) refers (Special) to libinit2.o(.ARM.Collect$$libinit$$00000019) for __rt_lib_init_lc_time_1
    libinit.o(.ARM.Collect$$libinit$$00000000) refers (Special) to libinit2.o(.ARM.Collect$$libinit$$00000004) for __rt_lib_init_preinit_1
    libinit.o(.ARM.Collect$$libinit$$00000000) refers (Special) to libinit2.o(.ARM.Collect$$libinit$$0000000E) for __rt_lib_init_rand_1
    libinit.o(.ARM.Collect$$libinit$$00000000) refers (Special) to libinit2.o(.ARM.Collect$$libinit$$00000033) for __rt_lib_init_return
    libinit.o(.ARM.Collect$$libinit$$00000000) refers (Special) to libinit2.o(.ARM.Collect$$libinit$$0000001D) for __rt_lib_init_signal_1
    libinit.o(.ARM.Collect$$libinit$$00000000) refers (Special) to libinit2.o(.ARM.Collect$$libinit$$00000025) for __rt_lib_init_stdio_1
    libinit.o(.ARM.Collect$$libinit$$00000000) refers (Special) to libinit2.o(.ARM.Collect$$libinit$$0000000C) for __rt_lib_init_user_alloc_1
    libspace.o(.text) refers to libspace.o(.bss) for __libspace_start
    rtexit.o(.ARM.Collect$$rtexit$$00000000) refers (Special) to rtexit2.o(.ARM.Collect$$rtexit$$00000004) for __rt_exit_exit
    rtexit.o(.ARM.Collect$$rtexit$$00000000) refers (Special) to rtexit2.o(.ARM.Collect$$rtexit$$00000003) for __rt_exit_ls
    rtexit.o(.ARM.Collect$$rtexit$$00000000) refers (Special) to rtexit2.o(.ARM.Collect$$rtexit$$00000002) for __rt_exit_prels_1
    rtexit.o(.ARM.exidx) refers (Special) to rtexit2.o(.ARM.Collect$$rtexit$$00000004) for __rt_exit_exit
    rtexit.o(.ARM.exidx) refers (Special) to rtexit2.o(.ARM.Collect$$rtexit$$00000003) for __rt_exit_ls
    rtexit.o(.ARM.exidx) refers (Special) to rtexit2.o(.ARM.Collect$$rtexit$$00000002) for __rt_exit_prels_1
    rtexit.o(.ARM.exidx) refers to rtexit.o(.ARM.Collect$$rtexit$$00000000) for .ARM.Collect$$rtexit$$00000000
    libinit2.o(.ARM.Collect$$libinit$$00000001) refers to fpinit.o(x$fpl$fpinit) for _fp_init
    libinit2.o(.ARM.Collect$$libinit$$00000010) refers to libinit2.o(.ARM.Collect$$libinit$$0000000F) for .ARM.Collect$$libinit$$0000000F
    libinit2.o(.ARM.Collect$$libinit$$00000012) refers to libinit2.o(.ARM.Collect$$libinit$$0000000F) for .ARM.Collect$$libinit$$0000000F
    libinit2.o(.ARM.Collect$$libinit$$00000014) refers to libinit2.o(.ARM.Collect$$libinit$$0000000F) for .ARM.Collect$$libinit$$0000000F
    libinit2.o(.ARM.Collect$$libinit$$00000016) refers to libinit2.o(.ARM.Collect$$libinit$$0000000F) for .ARM.Collect$$libinit$$0000000F
    libinit2.o(.ARM.Collect$$libinit$$00000018) refers to libinit2.o(.ARM.Collect$$libinit$$0000000F) for .ARM.Collect$$libinit$$0000000F
    libinit2.o(.ARM.Collect$$libinit$$00000026) refers to argv_veneer.o(.emb_text) for __ARM_argv_veneer
    libinit2.o(.ARM.Collect$$libinit$$00000027) refers to argv_veneer.o(.emb_text) for __ARM_argv_veneer
    rtexit2.o(.ARM.Collect$$rtexit$$00000003) refers to libshutdown.o(.ARM.Collect$$libshutdown$$00000000) for __rt_lib_shutdown
    rtexit2.o(.ARM.Collect$$rtexit$$00000004) refers to sys_exit.o(.text) for _sys_exit
    rtexit2.o(.ARM.exidx) refers to rtexit2.o(.ARM.Collect$$rtexit$$00000001) for .ARM.Collect$$rtexit$$00000001
    rtexit2.o(.ARM.exidx) refers to rtexit2.o(.ARM.Collect$$rtexit$$00000003) for .ARM.Collect$$rtexit$$00000003
    rtexit2.o(.ARM.exidx) refers to rtexit2.o(.ARM.Collect$$rtexit$$00000004) for .ARM.Collect$$rtexit$$00000004
    argv_veneer.o(.emb_text) refers to no_argv.o(.text) for __ARM_get_argv
    sys_exit.o(.text) refers (Special) to use_no_semi.o(.text) for __I$use$semihosting
    sys_exit.o(.text) refers (Special) to indicate_semi.o(.text) for __semihosting_library_function
    _get_argv_nomalloc.o(.text) refers (Special) to hrguard.o(.text) for __heap_region$guard
    _get_argv_nomalloc.o(.text) refers to defsig_rtmem_outer.o(.text) for __rt_SIGRTMEM
    _get_argv_nomalloc.o(.text) refers to sys_command.o(.text) for _sys_command_string
    libshutdown.o(.ARM.Collect$$libshutdown$$00000000) refers (Special) to libshutdown2.o(.ARM.Collect$$libshutdown$$00000002) for __rt_lib_shutdown_cpp_1
    libshutdown.o(.ARM.Collect$$libshutdown$$00000000) refers (Special) to libshutdown2.o(.ARM.Collect$$libshutdown$$00000007) for __rt_lib_shutdown_fp_trap_1
    libshutdown.o(.ARM.Collect$$libshutdown$$00000000) refers (Special) to libshutdown2.o(.ARM.Collect$$libshutdown$$0000000F) for __rt_lib_shutdown_heap_1
    libshutdown.o(.ARM.Collect$$libshutdown$$00000000) refers (Special) to libshutdown2.o(.ARM.Collect$$libshutdown$$00000010) for __rt_lib_shutdown_return
    libshutdown.o(.ARM.Collect$$libshutdown$$00000000) refers (Special) to libshutdown2.o(.ARM.Collect$$libshutdown$$0000000A) for __rt_lib_shutdown_signal_1
    libshutdown.o(.ARM.Collect$$libshutdown$$00000000) refers (Special) to libshutdown2.o(.ARM.Collect$$libshutdown$$00000004) for __rt_lib_shutdown_stdio_1
    libshutdown.o(.ARM.Collect$$libshutdown$$00000000) refers (Special) to libshutdown2.o(.ARM.Collect$$libshutdown$$0000000C) for __rt_lib_shutdown_user_alloc_1
    sys_command.o(.text) refers (Special) to use_no_semi.o(.text) for __I$use$semihosting
    sys_command.o(.text) refers (Special) to indicate_semi.o(.text) for __semihosting_library_function
    defsig_rtmem_outer.o(.text) refers to defsig_rtmem_inner.o(.text) for __rt_SIGRTMEM_inner
    defsig_rtmem_outer.o(.text) refers to defsig_exit.o(.text) for __sig_exit
    defsig_rtmem_formal.o(.text) refers to rt_raise.o(.text) for __rt_raise
    rt_raise.o(.text) refers to __raise.o(.text) for __raise
    rt_raise.o(.text) refers to sys_exit.o(.text) for _sys_exit
    defsig_exit.o(.text) refers to sys_exit.o(.text) for _sys_exit
    defsig_rtmem_inner.o(.text) refers to defsig_general.o(.text) for __default_signal_display
    __raise.o(.text) refers to defsig.o(CL$$defsig) for __default_signal_handler
    defsig_general.o(.text) refers to sys_wrch.o(.text) for _ttywrch
    sys_wrch.o(.text) refers (Special) to use_no_semi.o(.text) for __I$use$semihosting
    sys_wrch.o(.text) refers (Special) to indicate_semi.o(.text) for __semihosting_library_function
    defsig.o(CL$$defsig) refers to defsig_rtmem_inner.o(.text) for __rt_SIGRTMEM_inner
    defsig_abrt_inner.o(.text) refers to defsig_general.o(.text) for __default_signal_display
    defsig_fpe_inner.o(.text) refers to defsig_general.o(.text) for __default_signal_display
    defsig_rtred_inner.o(.text) refers to defsig_general.o(.text) for __default_signal_display
    defsig_stak_inner.o(.text) refers to defsig_general.o(.text) for __default_signal_display
    defsig_pvfn_inner.o(.text) refers to defsig_general.o(.text) for __default_signal_display
    defsig_cppl_inner.o(.text) refers to defsig_general.o(.text) for __default_signal_display
    defsig_segv_inner.o(.text) refers to defsig_general.o(.text) for __default_signal_display
    defsig_other.o(.text) refers to defsig_general.o(.text) for __default_signal_display


==============================================================================

Removing Unused input sections from the image.

    Removing stm32f407xx_gpio_driver.o(i.GPIO_DeInit), (152 bytes).
    Removing stm32f407xx_gpio_driver.o(i.GPIO_IRQInterruptConfig), (240 bytes).
    Removing stm32f407xx_gpio_driver.o(i.GPIO_IRQPriorityConfig), (52 bytes).
    Removing stm32f407xx_gpio_driver.o(i.GPIO_ISRHandling), (32 bytes).
    Removing stm32f407xx_gpio_driver.o(i.GPIO_ReadFromInputPort), (8 bytes).
    Removing stm32f407xx_gpio_driver.o(i.GPIO_ToggleOutputPin), (12 bytes).
    Removing stm32f407xx_gpio_driver.o(i.GPIO_WriteToOutputPin), (30 bytes).
    Removing stm32f407xx_gpio_driver.o(i.GPIO_WriteToOutputPort), (4 bytes).
    Removing stm32f407xx_i2c_driver.o(i.I2C_ApplicationEventCallback), (2 bytes).
    Removing stm32f407xx_i2c_driver.o(i.I2C_CloseReceiveData), (54 bytes).
    Removing stm32f407xx_i2c_driver.o(i.I2C_CloseSendData), (34 bytes).
    Removing stm32f407xx_i2c_driver.o(i.I2C_DeInit), (116 bytes).
    Removing stm32f407xx_i2c_driver.o(i.I2C_ER_IRQHandling), (174 bytes).
    Removing stm32f407xx_i2c_driver.o(i.I2C_EV_IRQHandling), (288 bytes).
    Removing stm32f407xx_i2c_driver.o(i.I2C_ExecuteAddressPhaseRead), (12 bytes).
    Removing stm32f407xx_i2c_driver.o(i.I2C_IRQInterruptConfig), (240 bytes).
    Removing stm32f407xx_i2c_driver.o(i.I2C_IRQPriorityConfig), (52 bytes).
    Removing stm32f407xx_i2c_driver.o(i.I2C_MasterHandleRXNEInterrupt), (96 bytes).
    Removing stm32f407xx_i2c_driver.o(i.I2C_MasterHandleTXEInterrupt), (26 bytes).
    Removing stm32f407xx_i2c_driver.o(i.I2C_MasterReceiveData), (192 bytes).
    Removing stm32f407xx_i2c_driver.o(i.I2C_MasterReceiveDataIT), (92 bytes).
    Removing stm32f407xx_i2c_driver.o(i.I2C_MasterSendDataIT), (90 bytes).
    Removing stm32f407xx_i2c_driver.o(i.I2C_SlaveEnableDisableCallbackEvents), (56 bytes).
    Removing stm32f407xx_i2c_driver.o(i.I2C_SlaveReceiveData), (8 bytes).
    Removing stm32f407xx_i2c_driver.o(i.I2C_SlaveSendData), (4 bytes).
    Removing stm32f407xx_rcc_driver.o(i.DisableHSE), (28 bytes).
    Removing stm32f407xx_rcc_driver.o(i.DisableHSI), (20 bytes).
    Removing stm32f407xx_rcc_driver.o(i.EnableHSE_crys), (28 bytes).
    Removing stm32f407xx_rcc_driver.o(i.EnableHSE_rc), (28 bytes).
    Removing stm32f407xx_rcc_driver.o(i.EnableHSI), (28 bytes).
    Removing stm32f407xx_rcc_driver.o(i.RCC_AHB1PeriphClockDisable), (20 bytes).
    Removing stm32f407xx_rcc_driver.o(i.RCC_AHB1PeriphClockEnable), (20 bytes).
    Removing stm32f407xx_rcc_driver.o(i.RCC_AHB1PeriphReset), (36 bytes).
    Removing stm32f407xx_rcc_driver.o(i.RCC_AHB2PeriphClockDisable), (20 bytes).
    Removing stm32f407xx_rcc_driver.o(i.RCC_AHB2PeriphClockEnable), (20 bytes).
    Removing stm32f407xx_rcc_driver.o(i.RCC_AHB2PeriphReset), (36 bytes).
    Removing stm32f407xx_rcc_driver.o(i.RCC_APB1PeriphClockDisable), (20 bytes).
    Removing stm32f407xx_rcc_driver.o(i.RCC_APB1PeriphClockEnable), (20 bytes).
    Removing stm32f407xx_rcc_driver.o(i.RCC_APB1PeriphReset), (36 bytes).
    Removing stm32f407xx_rcc_driver.o(i.RCC_APB2PeriphClockDisable), (20 bytes).
    Removing stm32f407xx_rcc_driver.o(i.RCC_APB2PeriphClockEnable), (20 bytes).
    Removing stm32f407xx_rcc_driver.o(i.RCC_APB2PeriphReset), (36 bytes).
    Removing stm32f407xx_rcc_driver.o(i.RCC_GetAPB2Value), (116 bytes).
    Removing stm32f407xx_rcc_driver.o(i.RCC_GetSysClkType), (40 bytes).
    Removing stm32f407xx_rcc_driver.o(i.RCC_GetSysClkValue), (44 bytes).
    Removing stm32f407xx_rcc_driver.o(i.RCC_SelectSystemClockSource), (60 bytes).
    Removing stm32f407xx_rcc_driver.o(i.RCC_SetAHBPrescaller), (28 bytes).
    Removing stm32f407xx_rcc_driver.o(i.RCC_SetAPB1Prescaller), (28 bytes).
    Removing stm32f407xx_rcc_driver.o(i.RCC_SetAPB2Prescaller), (28 bytes).
    Removing stm32f407xx_rcc_driver.o(i.SelectHSE), (28 bytes).
    Removing stm32f407xx_rcc_driver.o(i.SelectHSI), (28 bytes).
    Removing stm32f407xx_usart_driver.o(i.USART_ApplicationEventCallback), (2 bytes).
    Removing stm32f407xx_usart_driver.o(i.USART_ClearFlag), (8 bytes).
    Removing stm32f407xx_usart_driver.o(i.USART_DeInit), (240 bytes).
    Removing stm32f407xx_usart_driver.o(i.USART_GetFlagStatus), (16 bytes).
    Removing stm32f407xx_usart_driver.o(i.USART_IRQHandling), (2 bytes).
    Removing stm32f407xx_usart_driver.o(i.USART_IRQInterruptConfig), (240 bytes).
    Removing stm32f407xx_usart_driver.o(i.USART_IRQPriorityConfig), (52 bytes).
    Removing stm32f407xx_usart_driver.o(i.USART_Init), (144 bytes).
    Removing stm32f407xx_usart_driver.o(i.USART_PeriClockControl), (304 bytes).
    Removing stm32f407xx_usart_driver.o(i.USART_PeripheralControl), (24 bytes).
    Removing stm32f407xx_usart_driver.o(i.USART_ReceiveData), (94 bytes).
    Removing stm32f407xx_usart_driver.o(i.USART_ReceiveDataIT), (40 bytes).
    Removing stm32f407xx_usart_driver.o(i.USART_SendData), (88 bytes).
    Removing stm32f407xx_usart_driver.o(i.USART_SendDataIT), (48 bytes).
    Removing stm32f407xx_usart_driver.o(i.USART_SetBaudRate), (156 bytes).
    Removing system_stm32f4xx.o(.rev16_text), (4 bytes).
    Removing system_stm32f4xx.o(.revsh_text), (4 bytes).
    Removing system_stm32f4xx.o(.rrx_text), (6 bytes).
    Removing system_stm32f4xx.o(i.SystemCoreClockUpdate), (192 bytes).
    Removing system_stm32f4xx.o(.constdata), (24 bytes).
    Removing system_stm32f4xx.o(.data), (4 bytes).

72 unused section(s) (total 4594 bytes) removed from the image.

==============================================================================

Image Symbol Table

    Local Symbols

    Symbol Name                              Value     Ov Type        Size  Object(Section)

    ../clib/angel/boardlib.s                 0x00000000   Number         0  boardinit2.o ABSOLUTE
    ../clib/angel/boardlib.s                 0x00000000   Number         0  boardshut.o ABSOLUTE
    ../clib/angel/boardlib.s                 0x00000000   Number         0  boardinit1.o ABSOLUTE
    ../clib/angel/boardlib.s                 0x00000000   Number         0  boardinit3.o ABSOLUTE
    ../clib/angel/handlers.s                 0x00000000   Number         0  __scatter_zi.o ABSOLUTE
    ../clib/angel/handlers.s                 0x00000000   Number         0  __scatter_copy.o ABSOLUTE
    ../clib/angel/kernel.s                   0x00000000   Number         0  __rtentry4.o ABSOLUTE
    ../clib/angel/kernel.s                   0x00000000   Number         0  rtexit.o ABSOLUTE
    ../clib/angel/kernel.s                   0x00000000   Number         0  rtexit2.o ABSOLUTE
    ../clib/angel/kernel.s                   0x00000000   Number         0  __rtentry2.o ABSOLUTE
    ../clib/angel/kernel.s                   0x00000000   Number         0  __rtentry.o ABSOLUTE
    ../clib/angel/rt.s                       0x00000000   Number         0  rt_raise.o ABSOLUTE
    ../clib/angel/scatter.s                  0x00000000   Number         0  __scatter.o ABSOLUTE
    ../clib/angel/startup.s                  0x00000000   Number         0  __main.o ABSOLUTE
    ../clib/angel/sys.s                      0x00000000   Number         0  sys_stackheap_outer.o ABSOLUTE
    ../clib/angel/sys.s                      0x00000000   Number         0  libspace.o ABSOLUTE
    ../clib/angel/sys.s                      0x00000000   Number         0  use_no_semi.o ABSOLUTE
    ../clib/angel/sys.s                      0x00000000   Number         0  indicate_semi.o ABSOLUTE
    ../clib/angel/sysapp.c                   0x00000000   Number         0  sys_exit.o ABSOLUTE
    ../clib/angel/sysapp.c                   0x00000000   Number         0  sys_wrch.o ABSOLUTE
    ../clib/angel/sysapp.c                   0x00000000   Number         0  sys_command.o ABSOLUTE
    ../clib/armsys.c                         0x00000000   Number         0  _get_argv_nomalloc.o ABSOLUTE
    ../clib/armsys.c                         0x00000000   Number         0  argv_veneer.o ABSOLUTE
    ../clib/armsys.c                         0x00000000   Number         0  no_argv.o ABSOLUTE
    ../clib/armsys.c                         0x00000000   Number         0  argv_veneer.o ABSOLUTE
    ../clib/heapalloc.c                      0x00000000   Number         0  hrguard.o ABSOLUTE
    ../clib/heapaux.c                        0x00000000   Number         0  heapauxi.o ABSOLUTE
    ../clib/libinit.s                        0x00000000   Number         0  libinit.o ABSOLUTE
    ../clib/libinit.s                        0x00000000   Number         0  libshutdown2.o ABSOLUTE
    ../clib/libinit.s                        0x00000000   Number         0  libinit2.o ABSOLUTE
    ../clib/libinit.s                        0x00000000   Number         0  libshutdown.o ABSOLUTE
    ../clib/signal.c                         0x00000000   Number         0  defsig_rtred_inner.o ABSOLUTE
    ../clib/signal.c                         0x00000000   Number         0  defsig_fpe_inner.o ABSOLUTE
    ../clib/signal.c                         0x00000000   Number         0  defsig_abrt_inner.o ABSOLUTE
    ../clib/signal.c                         0x00000000   Number         0  defsig_stak_inner.o ABSOLUTE
    ../clib/signal.c                         0x00000000   Number         0  __raise.o ABSOLUTE
    ../clib/signal.c                         0x00000000   Number         0  defsig_exit.o ABSOLUTE
    ../clib/signal.c                         0x00000000   Number         0  defsig_pvfn_inner.o ABSOLUTE
    ../clib/signal.c                         0x00000000   Number         0  defsig_rtmem_formal.o ABSOLUTE
    ../clib/signal.c                         0x00000000   Number         0  defsig_cppl_inner.o ABSOLUTE
    ../clib/signal.c                         0x00000000   Number         0  defsig_rtmem_outer.o ABSOLUTE
    ../clib/signal.c                         0x00000000   Number         0  defsig_segv_inner.o ABSOLUTE
    ../clib/signal.c                         0x00000000   Number         0  defsig_general.o ABSOLUTE
    ../clib/signal.c                         0x00000000   Number         0  defsig_other.o ABSOLUTE
    ../clib/signal.c                         0x00000000   Number         0  defsig_rtmem_inner.o ABSOLUTE
    ../clib/signal.s                         0x00000000   Number         0  defsig.o ABSOLUTE
    ../clib/stdlib.c                         0x00000000   Number         0  exit.o ABSOLUTE
    ../clib/string.c                         0x00000000   Number         0  strlen.o ABSOLUTE
    ../fplib/fpinit.s                        0x00000000   Number         0  fpinit.o ABSOLUTE
    ..\Src\stm32f407xx_gpio_driver.c         0x00000000   Number         0  stm32f407xx_gpio_driver.o ABSOLUTE
    ..\Src\stm32f407xx_i2c_driver.c          0x00000000   Number         0  stm32f407xx_i2c_driver.o ABSOLUTE
    ..\Src\stm32f407xx_rcc_driver.c          0x00000000   Number         0  stm32f407xx_rcc_driver.o ABSOLUTE
    ..\Src\stm32f407xx_usart_driver.c        0x00000000   Number         0  stm32f407xx_usart_driver.o ABSOLUTE
    RTE\Device\STM32F407VGTx\startup_stm32f407xx.s 0x00000000   Number         0  startup_stm32f407xx.o ABSOLUTE
    RTE\Device\STM32F407VGTx\system_stm32f4xx.c 0x00000000   Number         0  system_stm32f4xx.o ABSOLUTE
    RTE\\Device\\STM32F407VGTx\\system_stm32f4xx.c 0x00000000   Number         0  system_stm32f4xx.o ABSOLUTE
    dc.s                                     0x00000000   Number         0  dc.o ABSOLUTE
    main.c                                   0x00000000   Number         0  main.o ABSOLUTE
    RESET                                    0x08000000   Section      392  startup_stm32f407xx.o(RESET)
    !!!main                                  0x08000188   Section        8  __main.o(!!!main)
    !!!scatter                               0x08000190   Section       52  __scatter.o(!!!scatter)
    !!handler_copy                           0x080001c4   Section       26  __scatter_copy.o(!!handler_copy)
    !!handler_zi                             0x080001e0   Section       28  __scatter_zi.o(!!handler_zi)
    .ARM.Collect$$libinit$$00000000          0x080001fc   Section        2  libinit.o(.ARM.Collect$$libinit$$00000000)
    .ARM.Collect$$libinit$$00000001          0x080001fe   Section        4  libinit2.o(.ARM.Collect$$libinit$$00000001)
    .ARM.Collect$$libinit$$00000004          0x08000202   Section        0  libinit2.o(.ARM.Collect$$libinit$$00000004)
    .ARM.Collect$$libinit$$0000000A          0x08000202   Section        0  libinit2.o(.ARM.Collect$$libinit$$0000000A)
    .ARM.Collect$$libinit$$0000000C          0x08000202   Section        0  libinit2.o(.ARM.Collect$$libinit$$0000000C)
    .ARM.Collect$$libinit$$0000000E          0x08000202   Section        0  libinit2.o(.ARM.Collect$$libinit$$0000000E)
    .ARM.Collect$$libinit$$00000011          0x08000202   Section        0  libinit2.o(.ARM.Collect$$libinit$$00000011)
    .ARM.Collect$$libinit$$00000013          0x08000202   Section        0  libinit2.o(.ARM.Collect$$libinit$$00000013)
    .ARM.Collect$$libinit$$00000015          0x08000202   Section        0  libinit2.o(.ARM.Collect$$libinit$$00000015)
    .ARM.Collect$$libinit$$00000017          0x08000202   Section        0  libinit2.o(.ARM.Collect$$libinit$$00000017)
    .ARM.Collect$$libinit$$00000019          0x08000202   Section        0  libinit2.o(.ARM.Collect$$libinit$$00000019)
    .ARM.Collect$$libinit$$0000001B          0x08000202   Section        0  libinit2.o(.ARM.Collect$$libinit$$0000001B)
    .ARM.Collect$$libinit$$0000001D          0x08000202   Section        0  libinit2.o(.ARM.Collect$$libinit$$0000001D)
    .ARM.Collect$$libinit$$0000001F          0x08000202   Section        0  libinit2.o(.ARM.Collect$$libinit$$0000001F)
    .ARM.Collect$$libinit$$00000021          0x08000202   Section        0  libinit2.o(.ARM.Collect$$libinit$$00000021)
    .ARM.Collect$$libinit$$00000023          0x08000202   Section        0  libinit2.o(.ARM.Collect$$libinit$$00000023)
    .ARM.Collect$$libinit$$00000025          0x08000202   Section        0  libinit2.o(.ARM.Collect$$libinit$$00000025)
    .ARM.Collect$$libinit$$0000002C          0x08000202   Section        0  libinit2.o(.ARM.Collect$$libinit$$0000002C)
    .ARM.Collect$$libinit$$0000002E          0x08000202   Section        0  libinit2.o(.ARM.Collect$$libinit$$0000002E)
    .ARM.Collect$$libinit$$00000030          0x08000202   Section        0  libinit2.o(.ARM.Collect$$libinit$$00000030)
    .ARM.Collect$$libinit$$00000032          0x08000202   Section        0  libinit2.o(.ARM.Collect$$libinit$$00000032)
    .ARM.Collect$$libinit$$00000033          0x08000202   Section        2  libinit2.o(.ARM.Collect$$libinit$$00000033)
    .ARM.Collect$$libshutdown$$00000000      0x08000204   Section        2  libshutdown.o(.ARM.Collect$$libshutdown$$00000000)
    .ARM.Collect$$libshutdown$$00000002      0x08000206   Section        0  libshutdown2.o(.ARM.Collect$$libshutdown$$00000002)
    .ARM.Collect$$libshutdown$$00000004      0x08000206   Section        0  libshutdown2.o(.ARM.Collect$$libshutdown$$00000004)
    .ARM.Collect$$libshutdown$$00000007      0x08000206   Section        0  libshutdown2.o(.ARM.Collect$$libshutdown$$00000007)
    .ARM.Collect$$libshutdown$$0000000A      0x08000206   Section        0  libshutdown2.o(.ARM.Collect$$libshutdown$$0000000A)
    .ARM.Collect$$libshutdown$$0000000C      0x08000206   Section        0  libshutdown2.o(.ARM.Collect$$libshutdown$$0000000C)
    .ARM.Collect$$libshutdown$$0000000F      0x08000206   Section        0  libshutdown2.o(.ARM.Collect$$libshutdown$$0000000F)
    .ARM.Collect$$libshutdown$$00000010      0x08000206   Section        2  libshutdown2.o(.ARM.Collect$$libshutdown$$00000010)
    .ARM.Collect$$rtentry$$00000000          0x08000208   Section        0  __rtentry.o(.ARM.Collect$$rtentry$$00000000)
    .ARM.Collect$$rtentry$$00000002          0x08000208   Section        0  __rtentry2.o(.ARM.Collect$$rtentry$$00000002)
    .ARM.Collect$$rtentry$$00000004          0x08000208   Section        6  __rtentry4.o(.ARM.Collect$$rtentry$$00000004)
    .ARM.Collect$$rtentry$$00000009          0x0800020e   Section        0  __rtentry2.o(.ARM.Collect$$rtentry$$00000009)
    .ARM.Collect$$rtentry$$0000000A          0x0800020e   Section        4  __rtentry2.o(.ARM.Collect$$rtentry$$0000000A)
    .ARM.Collect$$rtentry$$0000000C          0x08000212   Section        0  __rtentry2.o(.ARM.Collect$$rtentry$$0000000C)
    .ARM.Collect$$rtentry$$0000000D          0x08000212   Section        8  __rtentry2.o(.ARM.Collect$$rtentry$$0000000D)
    .ARM.Collect$$rtexit$$00000000           0x0800021a   Section        2  rtexit.o(.ARM.Collect$$rtexit$$00000000)
    .ARM.Collect$$rtexit$$00000002           0x0800021c   Section        0  rtexit2.o(.ARM.Collect$$rtexit$$00000002)
    .ARM.Collect$$rtexit$$00000003           0x0800021c   Section        4  rtexit2.o(.ARM.Collect$$rtexit$$00000003)
    .ARM.Collect$$rtexit$$00000004           0x08000220   Section        6  rtexit2.o(.ARM.Collect$$rtexit$$00000004)
    .text                                    0x08000228   Section       64  startup_stm32f407xx.o(.text)
    $v0                                      0x08000228   Number         0  startup_stm32f407xx.o(.text)
    .text                                    0x08000268   Section        0  strlen.o(.text)
    .text                                    0x080002a6   Section        0  heapauxi.o(.text)
    .text                                    0x080002ac   Section       74  sys_stackheap_outer.o(.text)
    .text                                    0x080002f6   Section        0  exit.o(.text)
    .text                                    0x08000308   Section        8  libspace.o(.text)
    .text                                    0x08000310   Section        0  sys_exit.o(.text)
    .text                                    0x0800031c   Section        2  use_no_semi.o(.text)
    .text                                    0x0800031e   Section        0  indicate_semi.o(.text)
    i.GPIO_ButtonInit                        0x08000320   Section        0  main.o(i.GPIO_ButtonInit)
    i.GPIO_Init                              0x08000350   Section        0  stm32f407xx_gpio_driver.o(i.GPIO_Init)
    i.GPIO_PeriClockControl                  0x080005c0   Section        0  stm32f407xx_gpio_driver.o(i.GPIO_PeriClockControl)
    i.GPIO_ReadFromInputPin                  0x08000678   Section        0  stm32f407xx_gpio_driver.o(i.GPIO_ReadFromInputPin)
    i.I2C1_GPIOInits                         0x08000684   Section        0  main.o(i.I2C1_GPIOInits)
    i.I2C1_Inits                             0x080006cc   Section        0  main.o(i.I2C1_Inits)
    i.I2C_ClearADDRFlag                      0x080006fc   Section        0  stm32f407xx_i2c_driver.o(i.I2C_ClearADDRFlag)
    I2C_ClearADDRFlag                        0x080006fd   Thumb Code    66  stm32f407xx_i2c_driver.o(i.I2C_ClearADDRFlag)
    i.I2C_ExecuteAddressPhaseWrite           0x0800073e   Section        0  stm32f407xx_i2c_driver.o(i.I2C_ExecuteAddressPhaseWrite)
    I2C_ExecuteAddressPhaseWrite             0x0800073f   Thumb Code    12  stm32f407xx_i2c_driver.o(i.I2C_ExecuteAddressPhaseWrite)
    i.I2C_GenerateStartCondition             0x0800074a   Section        0  stm32f407xx_i2c_driver.o(i.I2C_GenerateStartCondition)
    I2C_GenerateStartCondition               0x0800074b   Thumb Code    10  stm32f407xx_i2c_driver.o(i.I2C_GenerateStartCondition)
    i.I2C_GenerateStopCondition              0x08000754   Section        0  stm32f407xx_i2c_driver.o(i.I2C_GenerateStopCondition)
    i.I2C_GetFlagStatus                      0x0800075e   Section        0  stm32f407xx_i2c_driver.o(i.I2C_GetFlagStatus)
    i.I2C_Init                               0x08000770   Section        0  stm32f407xx_i2c_driver.o(i.I2C_Init)
    i.I2C_ManageAcking                       0x08000850   Section        0  stm32f407xx_i2c_driver.o(i.I2C_ManageAcking)
    i.I2C_MasterSendData                     0x08000868   Section        0  stm32f407xx_i2c_driver.o(i.I2C_MasterSendData)
    i.I2C_PeriClockControl                   0x080008f4   Section        0  stm32f407xx_i2c_driver.o(i.I2C_PeriClockControl)
    i.I2C_PeripheralControl                  0x08000980   Section        0  stm32f407xx_i2c_driver.o(i.I2C_PeripheralControl)
    i.RCC_GetAPB1Value                       0x08000998   Section        0  stm32f407xx_rcc_driver.o(i.RCC_GetAPB1Value)
    i.SystemInit                             0x08000a04   Section        0  system_stm32f4xx.o(i.SystemInit)
    i.delay                                  0x08000a18   Section        0  main.o(i.delay)
    i.main                                   0x08000a2c   Section        0  main.o(i.main)
    x$fpl$fpinit                             0x08000a88   Section       10  fpinit.o(x$fpl$fpinit)
    $v0                                      0x08000a88   Number         0  fpinit.o(x$fpl$fpinit)
    .data                                    0x20000000   Section       13  main.o(.data)
    .data                                    0x2000000e   Section       20  stm32f407xx_rcc_driver.o(.data)
    .bss                                     0x20000024   Section       40  main.o(.bss)
    .bss                                     0x2000004c   Section       96  libspace.o(.bss)
    HEAP                                     0x200000b0   Section      512  startup_stm32f407xx.o(HEAP)
    Heap_Mem                                 0x200000b0   Data         512  startup_stm32f407xx.o(HEAP)
    STACK                                    0x200002b0   Section     1024  startup_stm32f407xx.o(STACK)
    Stack_Mem                                0x200002b0   Data        1024  startup_stm32f407xx.o(STACK)
    __initial_sp                             0x200006b0   Data           0  startup_stm32f407xx.o(STACK)

    Global Symbols

    Symbol Name                              Value     Ov Type        Size  Object(Section)

    BuildAttributes$$THM_ISAv4$E$P$D$K$B$S$7EM$VFPi3$EXTD16$VFPS$VFMA$PE$A:L22UL41UL21$X:L11$S22US41US21$IEEE1$IW$USESV6$~STKCKD$USESV7$~SHL$OSPACE$ROPI$EBA8$UX$STANDARDLIB$REQ8$PRES8$EABIv2 0x00000000   Number         0  anon$$obj.o ABSOLUTE
    __ARM_use_no_argv                        0x00000000   Number         0  main.o ABSOLUTE
    __ARM_exceptions_init                     - Undefined Weak Reference
    __alloca_initialize                       - Undefined Weak Reference
    __arm_preinit_                            - Undefined Weak Reference
    __cpp_initialize__aeabi_                  - Undefined Weak Reference
    __cxa_finalize                            - Undefined Weak Reference
    __rt_locale                               - Undefined Weak Reference
    __sigvec_lookup                           - Undefined Weak Reference
    _atexit_init                              - Undefined Weak Reference
    _call_atexit_fns                          - Undefined Weak Reference
    _clock_init                               - Undefined Weak Reference
    _fp_trap_init                             - Undefined Weak Reference
    _fp_trap_shutdown                         - Undefined Weak Reference
    _get_lc_collate                           - Undefined Weak Reference
    _get_lc_ctype                             - Undefined Weak Reference
    _get_lc_monetary                          - Undefined Weak Reference
    _get_lc_numeric                           - Undefined Weak Reference
    _get_lc_time                              - Undefined Weak Reference
    _getenv_init                              - Undefined Weak Reference
    _handle_redirection                       - Undefined Weak Reference
    _init_alloc                               - Undefined Weak Reference
    _init_user_alloc                          - Undefined Weak Reference
    _initio                                   - Undefined Weak Reference
    _rand_init                                - Undefined Weak Reference
    _signal_finish                            - Undefined Weak Reference
    _signal_init                              - Undefined Weak Reference
    _terminate_alloc                          - Undefined Weak Reference
    _terminate_user_alloc                     - Undefined Weak Reference
    _terminateio                              - Undefined Weak Reference
    __Vectors_Size                           0x00000188   Number         0  startup_stm32f407xx.o ABSOLUTE
    __Vectors                                0x08000000   Data           4  startup_stm32f407xx.o(RESET)
    __Vectors_End                            0x08000188   Data           0  startup_stm32f407xx.o(RESET)
    __main                                   0x08000189   Thumb Code     8  __main.o(!!!main)
    __scatterload                            0x08000191   Thumb Code     0  __scatter.o(!!!scatter)
    __scatterload_rt2                        0x08000191   Thumb Code    44  __scatter.o(!!!scatter)
    __scatterload_rt2_thumb_only             0x08000191   Thumb Code     0  __scatter.o(!!!scatter)
    __scatterload_null                       0x0800019f   Thumb Code     0  __scatter.o(!!!scatter)
    __scatterload_copy                       0x080001c5   Thumb Code    26  __scatter_copy.o(!!handler_copy)
    __scatterload_zeroinit                   0x080001e1   Thumb Code    28  __scatter_zi.o(!!handler_zi)
    __rt_lib_init                            0x080001fd   Thumb Code     0  libinit.o(.ARM.Collect$$libinit$$00000000)
    __rt_lib_init_fp_1                       0x080001ff   Thumb Code     0  libinit2.o(.ARM.Collect$$libinit$$00000001)
    __rt_lib_init_alloca_1                   0x08000203   Thumb Code     0  libinit2.o(.ARM.Collect$$libinit$$0000002E)
    __rt_lib_init_argv_1                     0x08000203   Thumb Code     0  libinit2.o(.ARM.Collect$$libinit$$0000002C)
    __rt_lib_init_atexit_1                   0x08000203   Thumb Code     0  libinit2.o(.ARM.Collect$$libinit$$0000001B)
    __rt_lib_init_clock_1                    0x08000203   Thumb Code     0  libinit2.o(.ARM.Collect$$libinit$$00000021)
    __rt_lib_init_cpp_1                      0x08000203   Thumb Code     0  libinit2.o(.ARM.Collect$$libinit$$00000032)
    __rt_lib_init_exceptions_1               0x08000203   Thumb Code     0  libinit2.o(.ARM.Collect$$libinit$$00000030)
    __rt_lib_init_fp_trap_1                  0x08000203   Thumb Code     0  libinit2.o(.ARM.Collect$$libinit$$0000001F)
    __rt_lib_init_getenv_1                   0x08000203   Thumb Code     0  libinit2.o(.ARM.Collect$$libinit$$00000023)
    __rt_lib_init_heap_1                     0x08000203   Thumb Code     0  libinit2.o(.ARM.Collect$$libinit$$0000000A)
    __rt_lib_init_lc_collate_1               0x08000203   Thumb Code     0  libinit2.o(.ARM.Collect$$libinit$$00000011)
    __rt_lib_init_lc_ctype_1                 0x08000203   Thumb Code     0  libinit2.o(.ARM.Collect$$libinit$$00000013)
    __rt_lib_init_lc_monetary_1              0x08000203   Thumb Code     0  libinit2.o(.ARM.Collect$$libinit$$00000015)
    __rt_lib_init_lc_numeric_1               0x08000203   Thumb Code     0  libinit2.o(.ARM.Collect$$libinit$$00000017)
    __rt_lib_init_lc_time_1                  0x08000203   Thumb Code     0  libinit2.o(.ARM.Collect$$libinit$$00000019)
    __rt_lib_init_preinit_1                  0x08000203   Thumb Code     0  libinit2.o(.ARM.Collect$$libinit$$00000004)
    __rt_lib_init_rand_1                     0x08000203   Thumb Code     0  libinit2.o(.ARM.Collect$$libinit$$0000000E)
    __rt_lib_init_return                     0x08000203   Thumb Code     0  libinit2.o(.ARM.Collect$$libinit$$00000033)
    __rt_lib_init_signal_1                   0x08000203   Thumb Code     0  libinit2.o(.ARM.Collect$$libinit$$0000001D)
    __rt_lib_init_stdio_1                    0x08000203   Thumb Code     0  libinit2.o(.ARM.Collect$$libinit$$00000025)
    __rt_lib_init_user_alloc_1               0x08000203   Thumb Code     0  libinit2.o(.ARM.Collect$$libinit$$0000000C)
    __rt_lib_shutdown                        0x08000205   Thumb Code     0  libshutdown.o(.ARM.Collect$$libshutdown$$00000000)
    __rt_lib_shutdown_cpp_1                  0x08000207   Thumb Code     0  libshutdown2.o(.ARM.Collect$$libshutdown$$00000002)
    __rt_lib_shutdown_fp_trap_1              0x08000207   Thumb Code     0  libshutdown2.o(.ARM.Collect$$libshutdown$$00000007)
    __rt_lib_shutdown_heap_1                 0x08000207   Thumb Code     0  libshutdown2.o(.ARM.Collect$$libshutdown$$0000000F)
    __rt_lib_shutdown_return                 0x08000207   Thumb Code     0  libshutdown2.o(.ARM.Collect$$libshutdown$$00000010)
    __rt_lib_shutdown_signal_1               0x08000207   Thumb Code     0  libshutdown2.o(.ARM.Collect$$libshutdown$$0000000A)
    __rt_lib_shutdown_stdio_1                0x08000207   Thumb Code     0  libshutdown2.o(.ARM.Collect$$libshutdown$$00000004)
    __rt_lib_shutdown_user_alloc_1           0x08000207   Thumb Code     0  libshutdown2.o(.ARM.Collect$$libshutdown$$0000000C)
    __rt_entry                               0x08000209   Thumb Code     0  __rtentry.o(.ARM.Collect$$rtentry$$00000000)
    __rt_entry_presh_1                       0x08000209   Thumb Code     0  __rtentry2.o(.ARM.Collect$$rtentry$$00000002)
    __rt_entry_sh                            0x08000209   Thumb Code     0  __rtentry4.o(.ARM.Collect$$rtentry$$00000004)
    __rt_entry_li                            0x0800020f   Thumb Code     0  __rtentry2.o(.ARM.Collect$$rtentry$$0000000A)
    __rt_entry_postsh_1                      0x0800020f   Thumb Code     0  __rtentry2.o(.ARM.Collect$$rtentry$$00000009)
    __rt_entry_main                          0x08000213   Thumb Code     0  __rtentry2.o(.ARM.Collect$$rtentry$$0000000D)
    __rt_entry_postli_1                      0x08000213   Thumb Code     0  __rtentry2.o(.ARM.Collect$$rtentry$$0000000C)
    __rt_exit                                0x0800021b   Thumb Code     0  rtexit.o(.ARM.Collect$$rtexit$$00000000)
    __rt_exit_ls                             0x0800021d   Thumb Code     0  rtexit2.o(.ARM.Collect$$rtexit$$00000003)
    __rt_exit_prels_1                        0x0800021d   Thumb Code     0  rtexit2.o(.ARM.Collect$$rtexit$$00000002)
    __rt_exit_exit                           0x08000221   Thumb Code     0  rtexit2.o(.ARM.Collect$$rtexit$$00000004)
    Reset_Handler                            0x08000229   Thumb Code     8  startup_stm32f407xx.o(.text)
    NMI_Handler                              0x08000231   Thumb Code     2  startup_stm32f407xx.o(.text)
    HardFault_Handler                        0x08000233   Thumb Code     2  startup_stm32f407xx.o(.text)
    MemManage_Handler                        0x08000235   Thumb Code     2  startup_stm32f407xx.o(.text)
    BusFault_Handler                         0x08000237   Thumb Code     2  startup_stm32f407xx.o(.text)
    UsageFault_Handler                       0x08000239   Thumb Code     2  startup_stm32f407xx.o(.text)
    SVC_Handler                              0x0800023b   Thumb Code     2  startup_stm32f407xx.o(.text)
    DebugMon_Handler                         0x0800023d   Thumb Code     2  startup_stm32f407xx.o(.text)
    PendSV_Handler                           0x0800023f   Thumb Code     2  startup_stm32f407xx.o(.text)
    SysTick_Handler                          0x08000241   Thumb Code     2  startup_stm32f407xx.o(.text)
    ADC_IRQHandler                           0x08000243   Thumb Code     0  startup_stm32f407xx.o(.text)
    CAN1_RX0_IRQHandler                      0x08000243   Thumb Code     0  startup_stm32f407xx.o(.text)
    CAN1_RX1_IRQHandler                      0x08000243   Thumb Code     0  startup_stm32f407xx.o(.text)
    CAN1_SCE_IRQHandler                      0x08000243   Thumb Code     0  startup_stm32f407xx.o(.text)
    CAN1_TX_IRQHandler                       0x08000243   Thumb Code     0  startup_stm32f407xx.o(.text)
    CAN2_RX0_IRQHandler                      0x08000243   Thumb Code     0  startup_stm32f407xx.o(.text)
    CAN2_RX1_IRQHandler                      0x08000243   Thumb Code     0  startup_stm32f407xx.o(.text)
    CAN2_SCE_IRQHandler                      0x08000243   Thumb Code     0  startup_stm32f407xx.o(.text)
    CAN2_TX_IRQHandler                       0x08000243   Thumb Code     0  startup_stm32f407xx.o(.text)
    DCMI_IRQHandler                          0x08000243   Thumb Code     0  startup_stm32f407xx.o(.text)
    DMA1_Stream0_IRQHandler                  0x08000243   Thumb Code     0  startup_stm32f407xx.o(.text)
    DMA1_Stream1_IRQHandler                  0x08000243   Thumb Code     0  startup_stm32f407xx.o(.text)
    DMA1_Stream2_IRQHandler                  0x08000243   Thumb Code     0  startup_stm32f407xx.o(.text)
    DMA1_Stream3_IRQHandler                  0x08000243   Thumb Code     0  startup_stm32f407xx.o(.text)
    DMA1_Stream4_IRQHandler                  0x08000243   Thumb Code     0  startup_stm32f407xx.o(.text)
    DMA1_Stream5_IRQHandler                  0x08000243   Thumb Code     0  startup_stm32f407xx.o(.text)
    DMA1_Stream6_IRQHandler                  0x08000243   Thumb Code     0  startup_stm32f407xx.o(.text)
    DMA1_Stream7_IRQHandler                  0x08000243   Thumb Code     0  startup_stm32f407xx.o(.text)
    DMA2_Stream0_IRQHandler                  0x08000243   Thumb Code     0  startup_stm32f407xx.o(.text)
    DMA2_Stream1_IRQHandler                  0x08000243   Thumb Code     0  startup_stm32f407xx.o(.text)
    DMA2_Stream2_IRQHandler                  0x08000243   Thumb Code     0  startup_stm32f407xx.o(.text)
    DMA2_Stream3_IRQHandler                  0x08000243   Thumb Code     0  startup_stm32f407xx.o(.text)
    DMA2_Stream4_IRQHandler                  0x08000243   Thumb Code     0  startup_stm32f407xx.o(.text)
    DMA2_Stream5_IRQHandler                  0x08000243   Thumb Code     0  startup_stm32f407xx.o(.text)
    DMA2_Stream6_IRQHandler                  0x08000243   Thumb Code     0  startup_stm32f407xx.o(.text)
    DMA2_Stream7_IRQHandler                  0x08000243   Thumb Code     0  startup_stm32f407xx.o(.text)
    ETH_IRQHandler                           0x08000243   Thumb Code     0  startup_stm32f407xx.o(.text)
    ETH_WKUP_IRQHandler                      0x08000243   Thumb Code     0  startup_stm32f407xx.o(.text)
    EXTI0_IRQHandler                         0x08000243   Thumb Code     0  startup_stm32f407xx.o(.text)
    EXTI15_10_IRQHandler                     0x08000243   Thumb Code     0  startup_stm32f407xx.o(.text)
    EXTI1_IRQHandler                         0x08000243   Thumb Code     0  startup_stm32f407xx.o(.text)
    EXTI2_IRQHandler                         0x08000243   Thumb Code     0  startup_stm32f407xx.o(.text)
    EXTI3_IRQHandler                         0x08000243   Thumb Code     0  startup_stm32f407xx.o(.text)
    EXTI4_IRQHandler                         0x08000243   Thumb Code     0  startup_stm32f407xx.o(.text)
    EXTI9_5_IRQHandler                       0x08000243   Thumb Code     0  startup_stm32f407xx.o(.text)
    FLASH_IRQHandler                         0x08000243   Thumb Code     0  startup_stm32f407xx.o(.text)
    FMC_IRQHandler                           0x08000243   Thumb Code     0  startup_stm32f407xx.o(.text)
    FPU_IRQHandler                           0x08000243   Thumb Code     0  startup_stm32f407xx.o(.text)
    HASH_RNG_IRQHandler                      0x08000243   Thumb Code     0  startup_stm32f407xx.o(.text)
    I2C1_ER_IRQHandler                       0x08000243   Thumb Code     0  startup_stm32f407xx.o(.text)
    I2C1_EV_IRQHandler                       0x08000243   Thumb Code     0  startup_stm32f407xx.o(.text)
    I2C2_ER_IRQHandler                       0x08000243   Thumb Code     0  startup_stm32f407xx.o(.text)
    I2C2_EV_IRQHandler                       0x08000243   Thumb Code     0  startup_stm32f407xx.o(.text)
    I2C3_ER_IRQHandler                       0x08000243   Thumb Code     0  startup_stm32f407xx.o(.text)
    I2C3_EV_IRQHandler                       0x08000243   Thumb Code     0  startup_stm32f407xx.o(.text)
    OTG_FS_IRQHandler                        0x08000243   Thumb Code     0  startup_stm32f407xx.o(.text)
    OTG_FS_WKUP_IRQHandler                   0x08000243   Thumb Code     0  startup_stm32f407xx.o(.text)
    OTG_HS_EP1_IN_IRQHandler                 0x08000243   Thumb Code     0  startup_stm32f407xx.o(.text)
    OTG_HS_EP1_OUT_IRQHandler                0x08000243   Thumb Code     0  startup_stm32f407xx.o(.text)
    OTG_HS_IRQHandler                        0x08000243   Thumb Code     0  startup_stm32f407xx.o(.text)
    OTG_HS_WKUP_IRQHandler                   0x08000243   Thumb Code     0  startup_stm32f407xx.o(.text)
    PVD_IRQHandler                           0x08000243   Thumb Code     0  startup_stm32f407xx.o(.text)
    RCC_IRQHandler                           0x08000243   Thumb Code     0  startup_stm32f407xx.o(.text)
    RTC_Alarm_IRQHandler                     0x08000243   Thumb Code     0  startup_stm32f407xx.o(.text)
    RTC_WKUP_IRQHandler                      0x08000243   Thumb Code     0  startup_stm32f407xx.o(.text)
    SDIO_IRQHandler                          0x08000243   Thumb Code     0  startup_stm32f407xx.o(.text)
    SPI1_IRQHandler                          0x08000243   Thumb Code     0  startup_stm32f407xx.o(.text)
    SPI2_IRQHandler                          0x08000243   Thumb Code     0  startup_stm32f407xx.o(.text)
    SPI3_IRQHandler                          0x08000243   Thumb Code     0  startup_stm32f407xx.o(.text)
    TAMP_STAMP_IRQHandler                    0x08000243   Thumb Code     0  startup_stm32f407xx.o(.text)
    TIM1_BRK_TIM9_IRQHandler                 0x08000243   Thumb Code     0  startup_stm32f407xx.o(.text)
    TIM1_CC_IRQHandler                       0x08000243   Thumb Code     0  startup_stm32f407xx.o(.text)
    TIM1_TRG_COM_TIM11_IRQHandler            0x08000243   Thumb Code     0  startup_stm32f407xx.o(.text)
    TIM1_UP_TIM10_IRQHandler                 0x08000243   Thumb Code     0  startup_stm32f407xx.o(.text)
    TIM2_IRQHandler                          0x08000243   Thumb Code     0  startup_stm32f407xx.o(.text)
    TIM3_IRQHandler                          0x08000243   Thumb Code     0  startup_stm32f407xx.o(.text)
    TIM4_IRQHandler                          0x08000243   Thumb Code     0  startup_stm32f407xx.o(.text)
    TIM5_IRQHandler                          0x08000243   Thumb Code     0  startup_stm32f407xx.o(.text)
    TIM6_DAC_IRQHandler                      0x08000243   Thumb Code     0  startup_stm32f407xx.o(.text)
    TIM7_IRQHandler                          0x08000243   Thumb Code     0  startup_stm32f407xx.o(.text)
    TIM8_BRK_TIM12_IRQHandler                0x08000243   Thumb Code     0  startup_stm32f407xx.o(.text)
    TIM8_CC_IRQHandler                       0x08000243   Thumb Code     0  startup_stm32f407xx.o(.text)
    TIM8_TRG_COM_TIM14_IRQHandler            0x08000243   Thumb Code     0  startup_stm32f407xx.o(.text)
    TIM8_UP_TIM13_IRQHandler                 0x08000243   Thumb Code     0  startup_stm32f407xx.o(.text)
    UART4_IRQHandler                         0x08000243   Thumb Code     0  startup_stm32f407xx.o(.text)
    UART5_IRQHandler                         0x08000243   Thumb Code     0  startup_stm32f407xx.o(.text)
    USART1_IRQHandler                        0x08000243   Thumb Code     0  startup_stm32f407xx.o(.text)
    USART2_IRQHandler                        0x08000243   Thumb Code     0  startup_stm32f407xx.o(.text)
    USART3_IRQHandler                        0x08000243   Thumb Code     0  startup_stm32f407xx.o(.text)
    USART6_IRQHandler                        0x08000243   Thumb Code     0  startup_stm32f407xx.o(.text)
    WWDG_IRQHandler                          0x08000243   Thumb Code     0  startup_stm32f407xx.o(.text)
    __user_initial_stackheap                 0x08000245   Thumb Code     0  startup_stm32f407xx.o(.text)
    strlen                                   0x08000269   Thumb Code    62  strlen.o(.text)
    __use_two_region_memory                  0x080002a7   Thumb Code     2  heapauxi.o(.text)
    __rt_heap_escrow$2region                 0x080002a9   Thumb Code     2  heapauxi.o(.text)
    __rt_heap_expand$2region                 0x080002ab   Thumb Code     2  heapauxi.o(.text)
    __user_setup_stackheap                   0x080002ad   Thumb Code    74  sys_stackheap_outer.o(.text)
    exit                                     0x080002f7   Thumb Code    18  exit.o(.text)
    __user_libspace                          0x08000309   Thumb Code     8  libspace.o(.text)
    __user_perproc_libspace                  0x08000309   Thumb Code     0  libspace.o(.text)
    __user_perthread_libspace                0x08000309   Thumb Code     0  libspace.o(.text)
    _sys_exit                                0x08000311   Thumb Code     8  sys_exit.o(.text)
    __I$use$semihosting                      0x0800031d   Thumb Code     0  use_no_semi.o(.text)
    __use_no_semihosting_swi                 0x0800031d   Thumb Code     2  use_no_semi.o(.text)
    __semihosting_library_function           0x0800031f   Thumb Code     0  indicate_semi.o(.text)
    GPIO_ButtonInit                          0x08000321   Thumb Code    44  main.o(i.GPIO_ButtonInit)
    GPIO_Init                                0x08000351   Thumb Code   580  stm32f407xx_gpio_driver.o(i.GPIO_Init)
    GPIO_PeriClockControl                    0x080005c1   Thumb Code   164  stm32f407xx_gpio_driver.o(i.GPIO_PeriClockControl)
    GPIO_ReadFromInputPin                    0x08000679   Thumb Code    12  stm32f407xx_gpio_driver.o(i.GPIO_ReadFromInputPin)
    I2C1_GPIOInits                           0x08000685   Thumb Code    68  main.o(i.I2C1_GPIOInits)
    I2C1_Inits                               0x080006cd   Thumb Code    36  main.o(i.I2C1_Inits)
    I2C_GenerateStopCondition                0x08000755   Thumb Code    10  stm32f407xx_i2c_driver.o(i.I2C_GenerateStopCondition)
    I2C_GetFlagStatus                        0x0800075f   Thumb Code    16  stm32f407xx_i2c_driver.o(i.I2C_GetFlagStatus)
    I2C_Init                                 0x08000771   Thumb Code   210  stm32f407xx_i2c_driver.o(i.I2C_Init)
    I2C_ManageAcking                         0x08000851   Thumb Code    24  stm32f407xx_i2c_driver.o(i.I2C_ManageAcking)
    I2C_MasterSendData                       0x08000869   Thumb Code   138  stm32f407xx_i2c_driver.o(i.I2C_MasterSendData)
    I2C_PeriClockControl                     0x080008f5   Thumb Code   124  stm32f407xx_i2c_driver.o(i.I2C_PeriClockControl)
    I2C_PeripheralControl                    0x08000981   Thumb Code    24  stm32f407xx_i2c_driver.o(i.I2C_PeripheralControl)
    RCC_GetAPB1Value                         0x08000999   Thumb Code    88  stm32f407xx_rcc_driver.o(i.RCC_GetAPB1Value)
    SystemInit                               0x08000a05   Thumb Code    14  system_stm32f4xx.o(i.SystemInit)
    delay                                    0x08000a19   Thumb Code    14  main.o(i.delay)
    main                                     0x08000a2d   Thumb Code    76  main.o(i.main)
    _fp_init                                 0x08000a89   Thumb Code    10  fpinit.o(x$fpl$fpinit)
    __fplib_config_fpu_vfp                   0x08000a91   Thumb Code     0  fpinit.o(x$fpl$fpinit)
    __fplib_config_pureend_doubles           0x08000a91   Thumb Code     0  fpinit.o(x$fpl$fpinit)
    Region$$Table$$Base                      0x08000a94   Number         0  anon$$obj.o(Region$$Table)
    Region$$Table$$Limit                     0x08000ab4   Number         0  anon$$obj.o(Region$$Table)
    some_data                                0x20000000   Data          13  main.o(.data)
    AHB_PreScaler                            0x2000000e   Data          16  stm32f407xx_rcc_driver.o(.data)
    APB_PreScaler                            0x2000001e   Data           4  stm32f407xx_rcc_driver.o(.data)
    I2C1Handle                               0x20000024   Data          40  main.o(.bss)
    __libspace_start                         0x2000004c   Data          96  libspace.o(.bss)
    __temporary_stack_top$libspace           0x200000ac   Data           0  libspace.o(.bss)



==============================================================================

Memory Map of the image

  Image Entry point : 0x08000189

  Load Region LR_IROM1 (Base: 0x08000000, Size: 0x00000ad8, Max: 0x00100000, ABSOLUTE)

    Execution Region ER_IROM1 (Exec base: 0x08000000, Load base: 0x08000000, Size: 0x00000ab4, Max: 0x00100000, ABSOLUTE)

    Exec Addr    Load Addr    Size         Type   Attr      Idx    E Section Name        Object

    0x08000000   0x08000000   0x00000188   Data   RO          561    RESET               startup_stm32f407xx.o
    0x08000188   0x08000188   0x00000008   Code   RO          635  * !!!main             c_w.l(__main.o)
    0x08000190   0x08000190   0x00000034   Code   RO          792    !!!scatter          c_w.l(__scatter.o)
    0x080001c4   0x080001c4   0x0000001a   Code   RO          794    !!handler_copy      c_w.l(__scatter_copy.o)
    0x080001de   0x080001de   0x00000002   PAD
    0x080001e0   0x080001e0   0x0000001c   Code   RO          796    !!handler_zi        c_w.l(__scatter_zi.o)
    0x080001fc   0x080001fc   0x00000002   Code   RO          662    .ARM.Collect$$libinit$$00000000  c_w.l(libinit.o)
    0x080001fe   0x080001fe   0x00000004   Code   RO          668    .ARM.Collect$$libinit$$00000001  c_w.l(libinit2.o)
    0x08000202   0x08000202   0x00000000   Code   RO          671    .ARM.Collect$$libinit$$00000004  c_w.l(libinit2.o)
    0x08000202   0x08000202   0x00000000   Code   RO          674    .ARM.Collect$$libinit$$0000000A  c_w.l(libinit2.o)
    0x08000202   0x08000202   0x00000000   Code   RO          676    .ARM.Collect$$libinit$$0000000C  c_w.l(libinit2.o)
    0x08000202   0x08000202   0x00000000   Code   RO          678    .ARM.Collect$$libinit$$0000000E  c_w.l(libinit2.o)
    0x08000202   0x08000202   0x00000000   Code   RO          681    .ARM.Collect$$libinit$$00000011  c_w.l(libinit2.o)
    0x08000202   0x08000202   0x00000000   Code   RO          683    .ARM.Collect$$libinit$$00000013  c_w.l(libinit2.o)
    0x08000202   0x08000202   0x00000000   Code   RO          685    .ARM.Collect$$libinit$$00000015  c_w.l(libinit2.o)
    0x08000202   0x08000202   0x00000000   Code   RO          687    .ARM.Collect$$libinit$$00000017  c_w.l(libinit2.o)
    0x08000202   0x08000202   0x00000000   Code   RO          689    .ARM.Collect$$libinit$$00000019  c_w.l(libinit2.o)
    0x08000202   0x08000202   0x00000000   Code   RO          691    .ARM.Collect$$libinit$$0000001B  c_w.l(libinit2.o)
    0x08000202   0x08000202   0x00000000   Code   RO          693    .ARM.Collect$$libinit$$0000001D  c_w.l(libinit2.o)
    0x08000202   0x08000202   0x00000000   Code   RO          695    .ARM.Collect$$libinit$$0000001F  c_w.l(libinit2.o)
    0x08000202   0x08000202   0x00000000   Code   RO          697    .ARM.Collect$$libinit$$00000021  c_w.l(libinit2.o)
    0x08000202   0x08000202   0x00000000   Code   RO          699    .ARM.Collect$$libinit$$00000023  c_w.l(libinit2.o)
    0x08000202   0x08000202   0x00000000   Code   RO          701    .ARM.Collect$$libinit$$00000025  c_w.l(libinit2.o)
    0x08000202   0x08000202   0x00000000   Code   RO          705    .ARM.Collect$$libinit$$0000002C  c_w.l(libinit2.o)
    0x08000202   0x08000202   0x00000000   Code   RO          707    .ARM.Collect$$libinit$$0000002E  c_w.l(libinit2.o)
    0x08000202   0x08000202   0x00000000   Code   RO          709    .ARM.Collect$$libinit$$00000030  c_w.l(libinit2.o)
    0x08000202   0x08000202   0x00000000   Code   RO          711    .ARM.Collect$$libinit$$00000032  c_w.l(libinit2.o)
    0x08000202   0x08000202   0x00000002   Code   RO          712    .ARM.Collect$$libinit$$00000033  c_w.l(libinit2.o)
    0x08000204   0x08000204   0x00000002   Code   RO          732    .ARM.Collect$$libshutdown$$00000000  c_w.l(libshutdown.o)
    0x08000206   0x08000206   0x00000000   Code   RO          745    .ARM.Collect$$libshutdown$$00000002  c_w.l(libshutdown2.o)
    0x08000206   0x08000206   0x00000000   Code   RO          747    .ARM.Collect$$libshutdown$$00000004  c_w.l(libshutdown2.o)
    0x08000206   0x08000206   0x00000000   Code   RO          750    .ARM.Collect$$libshutdown$$00000007  c_w.l(libshutdown2.o)
    0x08000206   0x08000206   0x00000000   Code   RO          753    .ARM.Collect$$libshutdown$$0000000A  c_w.l(libshutdown2.o)
    0x08000206   0x08000206   0x00000000   Code   RO          755    .ARM.Collect$$libshutdown$$0000000C  c_w.l(libshutdown2.o)
    0x08000206   0x08000206   0x00000000   Code   RO          758    .ARM.Collect$$libshutdown$$0000000F  c_w.l(libshutdown2.o)
    0x08000206   0x08000206   0x00000002   Code   RO          759    .ARM.Collect$$libshutdown$$00000010  c_w.l(libshutdown2.o)
    0x08000208   0x08000208   0x00000000   Code   RO          637    .ARM.Collect$$rtentry$$00000000  c_w.l(__rtentry.o)
    0x08000208   0x08000208   0x00000000   Code   RO          639    .ARM.Collect$$rtentry$$00000002  c_w.l(__rtentry2.o)
    0x08000208   0x08000208   0x00000006   Code   RO          651    .ARM.Collect$$rtentry$$00000004  c_w.l(__rtentry4.o)
    0x0800020e   0x0800020e   0x00000000   Code   RO          641    .ARM.Collect$$rtentry$$00000009  c_w.l(__rtentry2.o)
    0x0800020e   0x0800020e   0x00000004   Code   RO          642    .ARM.Collect$$rtentry$$0000000A  c_w.l(__rtentry2.o)
    0x08000212   0x08000212   0x00000000   Code   RO          644    .ARM.Collect$$rtentry$$0000000C  c_w.l(__rtentry2.o)
    0x08000212   0x08000212   0x00000008   Code   RO          645    .ARM.Collect$$rtentry$$0000000D  c_w.l(__rtentry2.o)
    0x0800021a   0x0800021a   0x00000002   Code   RO          666    .ARM.Collect$$rtexit$$00000000  c_w.l(rtexit.o)
    0x0800021c   0x0800021c   0x00000000   Code   RO          714    .ARM.Collect$$rtexit$$00000002  c_w.l(rtexit2.o)
    0x0800021c   0x0800021c   0x00000004   Code   RO          715    .ARM.Collect$$rtexit$$00000003  c_w.l(rtexit2.o)
    0x08000220   0x08000220   0x00000006   Code   RO          716    .ARM.Collect$$rtexit$$00000004  c_w.l(rtexit2.o)
    0x08000226   0x08000226   0x00000002   PAD
    0x08000228   0x08000228   0x00000040   Code   RO          562    .text               startup_stm32f407xx.o
    0x08000268   0x08000268   0x0000003e   Code   RO          631    .text               c_w.l(strlen.o)
    0x080002a6   0x080002a6   0x00000006   Code   RO          633    .text               c_w.l(heapauxi.o)
    0x080002ac   0x080002ac   0x0000004a   Code   RO          653    .text               c_w.l(sys_stackheap_outer.o)
    0x080002f6   0x080002f6   0x00000012   Code   RO          655    .text               c_w.l(exit.o)
    0x08000308   0x08000308   0x00000008   Code   RO          663    .text               c_w.l(libspace.o)
    0x08000310   0x08000310   0x0000000c   Code   RO          724    .text               c_w.l(sys_exit.o)
    0x0800031c   0x0800031c   0x00000002   Code   RO          735    .text               c_w.l(use_no_semi.o)
    0x0800031e   0x0800031e   0x00000000   Code   RO          737    .text               c_w.l(indicate_semi.o)
    0x0800031e   0x0800031e   0x00000002   PAD
    0x08000320   0x08000320   0x00000030   Code   RO            1    i.GPIO_ButtonInit   main.o
    0x08000350   0x08000350   0x00000270   Code   RO           59    i.GPIO_Init         stm32f407xx_gpio_driver.o
    0x080005c0   0x080005c0   0x000000b8   Code   RO           60    i.GPIO_PeriClockControl  stm32f407xx_gpio_driver.o
    0x08000678   0x08000678   0x0000000c   Code   RO           61    i.GPIO_ReadFromInputPin  stm32f407xx_gpio_driver.o
    0x08000684   0x08000684   0x00000048   Code   RO            2    i.I2C1_GPIOInits    main.o
    0x080006cc   0x080006cc   0x00000030   Code   RO            3    i.I2C1_Inits        main.o
    0x080006fc   0x080006fc   0x00000042   Code   RO          128    i.I2C_ClearADDRFlag  stm32f407xx_i2c_driver.o
    0x0800073e   0x0800073e   0x0000000c   Code   RO          135    i.I2C_ExecuteAddressPhaseWrite  stm32f407xx_i2c_driver.o
    0x0800074a   0x0800074a   0x0000000a   Code   RO          136    i.I2C_GenerateStartCondition  stm32f407xx_i2c_driver.o
    0x08000754   0x08000754   0x0000000a   Code   RO          137    i.I2C_GenerateStopCondition  stm32f407xx_i2c_driver.o
    0x0800075e   0x0800075e   0x00000010   Code   RO          138    i.I2C_GetFlagStatus  stm32f407xx_i2c_driver.o
    0x0800076e   0x0800076e   0x00000002   PAD
    0x08000770   0x08000770   0x000000e0   Code   RO          141    i.I2C_Init          stm32f407xx_i2c_driver.o
    0x08000850   0x08000850   0x00000018   Code   RO          142    i.I2C_ManageAcking  stm32f407xx_i2c_driver.o
    0x08000868   0x08000868   0x0000008a   Code   RO          147    i.I2C_MasterSendData  stm32f407xx_i2c_driver.o
    0x080008f2   0x080008f2   0x00000002   PAD
    0x080008f4   0x080008f4   0x0000008c   Code   RO          149    i.I2C_PeriClockControl  stm32f407xx_i2c_driver.o
    0x08000980   0x08000980   0x00000018   Code   RO          150    i.I2C_PeripheralControl  stm32f407xx_i2c_driver.o
    0x08000998   0x08000998   0x0000006c   Code   RO          313    i.RCC_GetAPB1Value  stm32f407xx_rcc_driver.o
    0x08000a04   0x08000a04   0x00000014   Code   RO          571    i.SystemInit        system_stm32f4xx.o
    0x08000a18   0x08000a18   0x00000014   Code   RO            4    i.delay             main.o
    0x08000a2c   0x08000a2c   0x0000005c   Code   RO            5    i.main              main.o
    0x08000a88   0x08000a88   0x0000000a   Code   RO          722    x$fpl$fpinit        fz_wm.l(fpinit.o)
    0x08000a92   0x08000a92   0x00000002   PAD
    0x08000a94   0x08000a94   0x00000020   Data   RO          790    Region$$Table       anon$$obj.o


    Execution Region RW_IRAM1 (Exec base: 0x20000000, Load base: 0x08000ab4, Size: 0x000006b0, Max: 0x00020000, ABSOLUTE)

    Exec Addr    Load Addr    Size         Type   Attr      Idx    E Section Name        Object

    0x20000000   0x08000ab4   0x0000000d   Data   RW            7    .data               main.o
    0x2000000d   0x08000ac1   0x00000001   PAD
    0x2000000e   0x08000ac2   0x00000014   Data   RW          323    .data               stm32f407xx_rcc_driver.o
    0x20000022   0x08000ad6   0x00000002   PAD
    0x20000024        -       0x00000028   Zero   RW            6    .bss                main.o
    0x2000004c        -       0x00000060   Zero   RW          664    .bss                c_w.l(libspace.o)
    0x200000ac   0x08000ad6   0x00000004   PAD
    0x200000b0        -       0x00000200   Zero   RW          560    HEAP                startup_stm32f407xx.o
    0x200002b0        -       0x00000400   Zero   RW          559    STACK               startup_stm32f407xx.o


==============================================================================

Image component sizes


      Code (inc. data)   RO Data    RW Data    ZI Data      Debug   Object Name

       280         42          0         13         40      19098   main.o
        64         26        392          0       1536        888   startup_stm32f407xx.o
       820         64          0          0          0       2720   stm32f407xx_gpio_driver.o
       664         30          0          0          0       6506   stm32f407xx_i2c_driver.o
       108         20          0         20          0       1417   stm32f407xx_rcc_driver.o
        20          6          0          0          0        485   system_stm32f4xx.o

    ----------------------------------------------------------------------
      1960        188        424         36       1576      31114   Object Totals
         0          0         32          0          0          0   (incl. Generated)
         4          0          0          3          0          0   (incl. Padding)

    ----------------------------------------------------------------------

      Code (inc. data)   RO Data    RW Data    ZI Data      Debug   Library Member Name

         8          0          0          0          0         68   __main.o
         0          0          0          0          0          0   __rtentry.o
        12          0          0          0          0          0   __rtentry2.o
         6          0          0          0          0          0   __rtentry4.o
        52          8          0          0          0          0   __scatter.o
        26          0          0          0          0          0   __scatter_copy.o
        28          0          0          0          0          0   __scatter_zi.o
        18          0          0          0          0         80   exit.o
         6          0          0          0          0        152   heapauxi.o
         0          0          0          0          0          0   indicate_semi.o
         2          0          0          0          0          0   libinit.o
         6          0          0          0          0          0   libinit2.o
         2          0          0          0          0          0   libshutdown.o
         2          0          0          0          0          0   libshutdown2.o
         8          4          0          0         96         68   libspace.o
         2          0          0          0          0          0   rtexit.o
        10          0          0          0          0          0   rtexit2.o
        62          0          0          0          0         76   strlen.o
        12          4          0          0          0         68   sys_exit.o
        74          0          0          0          0         80   sys_stackheap_outer.o
         2          0          0          0          0         68   use_no_semi.o
        10          0          0          0          0        116   fpinit.o

    ----------------------------------------------------------------------
       356         16          0          0        100        776   Library Totals
         8          0          0          0          4          0   (incl. Padding)

    ----------------------------------------------------------------------

      Code (inc. data)   RO Data    RW Data    ZI Data      Debug   Library Name

       338         16          0          0         96        660   c_w.l
        10          0          0          0          0        116   fz_wm.l

    ----------------------------------------------------------------------
       356         16          0          0        100        776   Library Totals

    ----------------------------------------------------------------------

==============================================================================


      Code (inc. data)   RO Data    RW Data    ZI Data      Debug   

      2316        204        424         36       1676      30082   Grand Totals
      2316        204        424         36       1676      30082   ELF Image Totals
      2316        204        424         36          0          0   ROM Totals

==============================================================================

    Total RO  Size (Code + RO Data)                 2740 (   2.68kB)
    Total RW  Size (RW Data + ZI Data)              1712 (   1.67kB)
    Total ROM Size (Code + RO Data + RW Data)       2776 (   2.71kB)

==============================================================================

